<?xml version="1.0" encoding="UTF-8" standalone="yes"?>
<newMap>
    <area>
        <x>70.0</x>
        <y>60.0</y>
    </area>
    <entities>
        <name>Bot</name>
        <position>
            <x>32.5</x>
            <y>22.5</y>
        </position>
        <type>NORMAL</type>
    </entities>
    <entities>
        <name>Bot</name>
        <position>
            <x>37.5</x>
            <y>22.5</y>
        </position>
        <type>NORMAL</type>
    </entities>
    <entities>
        <name>Bot</name>
        <position>
            <x>32.5</x>
            <y>27.5</y>
        </position>
        <type>NORMAL</type>
    </entities>
    <entities>
        <name>Bot</name>
        <position>
            <x>37.5</x>
            <y>27.5</y>
        </position>
        <type>NORMAL</type>
    </entities>
    <entities>
        <name>Bot</name>
        <position>
            <x>22.5</x>
            <y>32.5</y>
        </position>
        <type>NORMAL</type>
    </entities>
    <entities>
        <name>Bot</name>
        <position>
            <x>27.5</x>
            <y>32.5</y>
        </position>
        <type>NORMAL</type>
    </entities>
    <entities>
        <name>Bot</name>
        <position>
            <x>22.5</x>
            <y>37.5</y>
        </position>
        <type>NORMAL</type>
    </entities>
    <entities>
        <name>Bot</name>
        <position>
            <x>27.5</x>
            <y>37.5</y>
        </position>
        <type>NORMAL</type>
    </entities>
    <entities>
        <name>Bot</name>
        <position>
            <x>32.5</x>
            <y>32.5</y>
        </position>
        <type>NORMAL</type>
    </entities>
    <entities>
        <name>Bot</name>
        <position>
            <x>37.5</x>
            <y>32.5</y>
        </position>
        <type>NORMAL</type>
    </entities>
    <entities>
        <name>Bot</name>
        <position>
            <x>32.5</x>
            <y>37.5</y>
        </position>
        <type>NORMAL</type>
    </entities>
    <entities>
        <name>Bot</name>
        <position>
            <x>37.5</x>
            <y>37.5</y>
        </position>
        <type>NORMAL</type>
    </entities>
    <entities>
        <name>Bot</name>
        <position>
            <x>42.5</x>
            <y>32.5</y>
        </position>
        <type>NORMAL</type>
    </entities>
    <entities>
        <name>Bot</name>
        <position>
            <x>47.5</x>
            <y>32.5</y>
        </position>
        <type>NORMAL</type>
    </entities>
    <entities>
        <name>Bot</name>
        <position>
            <x>42.5</x>
            <y>37.5</y>
        </position>
        <type>NORMAL</type>
    </entities>
    <entities>
        <name>Bot</name>
        <position>
            <x>47.5</x>
            <y>37.5</y>
        </position>
        <type>NORMAL</type>
    </entities>
    <entities>
        <name>Bot</name>
        <position>
            <x>32.5</x>
            <y>42.5</y>
        </position>
        <type>NORMAL</type>
    </entities>
    <entities>
        <name>Bot</name>
        <position>
            <x>37.5</x>
            <y>42.5</y>
        </position>
        <type>NORMAL</type>
    </entities>
    <entities>
        <name>Bot</name>
        <position>
            <x>32.5</x>
            <y>47.5</y>
        </position>
        <type>NORMAL</type>
    </entities>
    <entities>
        <name>Bot</name>
        <position>
            <x>37.5</x>
            <y>47.5</y>
        </position>
        <type>NORMAL</type>
    </entities>
    <oneBotPerCorridorZone>false</oneBotPerCorridorZone>
    <randomBlocks>0</randomBlocks>
    <randomSequence>0</randomSequence>
    <sequence>RED</sequence>
    <sequence>RED</sequence>
    <sequence>YELLOW</sequence>
    <sequence>YELLOW</sequence>
    <sequence>BLUE</sequence>
    <sequence>BLUE</sequence>
    <zones>
        <boundingbox>
            <height>10.0</height>
            <width>10.0</width>
            <x>35.0</x>
            <y>5.0</y>
        </boundingbox>
        <doors>
            <orientation>HORIZONTAL</orientation>
            <position>
                <x>35.0</x>
                <y>10.0</y>
            </position>
        </doors>
        <name>RoomB2</name>
        <neighbours>CorridorD2</neighbours>
        <type>ROOM</type>
    </zones>    
    <zones>	
        <boundingbox>
            <height>10.0</height>
            <width>10.0</width>
            <x>25.0</x>
            <y>15.0</y>
        </boundingbox>
        <doors>
            <orientation>VERTICAL</orientation>
            <position>
                <x>30.0</x>
                <y>15.0</y>
            </position>
        </doors>
        <name>RoomB1</name>
        <neighbours>CorridorD2</neighbours>
        <type>ROOM</type>
    </zones>
    <zones>
        <boundingbox>
            <height>10.0</height>
            <width>10.0</width>
            <x>35.0</x>
            <y>15.0</y>
        </boundingbox>
        <name>CorridorD2</name>
        <neighbours>RoomB2</neighbours>
        <neighbours>RoomB1</neighbours>
        <neighbours>StartZoneD3</neighbours>
        <neighbours>RoomB3</neighbours>
        <type>CORRIDOR</type>
    </zones>
    <zones>		
        <boundingbox>
            <height>10.0</height>
            <width>10.0</width>
            <x>45.0</x>
            <y>15.0</y>
        </boundingbox>
        <doors>
            <orientation>VERTICAL</orientation>
            <position>
                <x>40.0</x>
                <y>15.0</y>
            </position>
        </doors>
        <name>RoomB3</name>
        <neighbours>CorridorD2</neighbours>
        <type>ROOM</type>
    </zones>
    <zones>
	    <blocks>YELLOW</blocks>			
        <boundingbox>
            <height>10.0</height>
            <width>10.0</width>
            <x>15.0</x>
            <y>25.0</y>
        </boundingbox>
        <doors>
            <orientation>HORIZONTAL</orientation>
            <position>
                <x>15.0</x>
                <y>30.0</y>
            </position>
        </doors>
        <name>RoomA3</name>
        <neighbours>CorridorB4</neighbours>
        <type>ROOM</type>
    </zones>
    <zones>
        <boundingbox>
            <height>10.0</height>
            <width>10.0</width>
            <x>25.0</x>
            <y>25.0</y>
        </boundingbox>
        <name>CorridorC3</name>
        <neighbours>StartZoneC4</neighbours>
        <neighbours>StartZoneD3</neighbours>
        <type>CORRIDOR</type>
    </zones>
    <zones>
        <boundingbox>
            <height>10.0</height>
            <width>10.0</width>
            <x>35.0</x>
            <y>25.0</y>
        </boundingbox>
        <name>StartZoneD3</name>
        <neighbours>CorridorD2</neighbours>
        <neighbours>CorridorC3</neighbours>
        <neighbours>StartZoneD4</neighbours>
        <neighbours>CorridorE3</neighbours>
        <type>CORRIDOR</type>
    </zones>
    <zones>
        <boundingbox>
            <height>10.0</height>
            <width>10.0</width>
            <x>45.0</x>
            <y>25.0</y>
        </boundingbox>
        <name>CorridorE3</name>
        <neighbours>StartZoneD3</neighbours>
        <neighbours>StartZoneE4</neighbours>
        <type>CORRIDOR</type>
    </zones>
    <zones>
	    <blocks>YELLOW</blocks>			
        <boundingbox>
            <height>10.0</height>
            <width>10.0</width>
            <x>55.0</x>
            <y>25.0</y>
        </boundingbox>
        <doors>
            <orientation>HORIZONTAL</orientation>
            <position>
                <x>55.0</x>
                <y>30.0</y>
            </position>
        </doors>
        <name>RoomC1</name>
        <neighbours>CorridorF4</neighbours>
        <type>ROOM</type>
    </zones>
    <zones>
	    <blocks>RED</blocks>		
        <boundingbox>
            <height>10.0</height>
            <width>10.0</width>
            <x>5.0</x>
            <y>35.0</y>
        </boundingbox>
        <doors>
            <orientation>VERTICAL</orientation>
            <position>
                <x>10.0</x>
                <y>35.0</y>
            </position>
        </doors>
        <name>RoomA2</name>
        <neighbours>CorridorB4</neighbours>
        <type>ROOM</type>
    </zones>
    <zones>
        <boundingbox>
            <height>10.0</height>
            <width>10.0</width>
            <x>15.0</x>
            <y>35.0</y>
        </boundingbox>
        <name>CorridorB4</name>
        <neighbours>RoomA3</neighbours>
        <neighbours>RoomA2</neighbours>
        <neighbours>StartZoneC4</neighbours>
        <neighbours>RoomA1</neighbours>
        <type>CORRIDOR</type>
    </zones>
    <zones>
        <boundingbox>
            <height>10.0</height>
            <width>10.0</width>
            <x>25.0</x>
            <y>35.0</y>
        </boundingbox>
        <name>StartZoneC4</name>
        <neighbours>CorridorC3</neighbours>
        <neighbours>CorridorB4</neighbours>
        <neighbours>CorridorC5</neighbours>
        <neighbours>StartZoneD4</neighbours>
        <type>CORRIDOR</type>
    </zones>
    <zones>
        <boundingbox>
            <height>10.0</height>
            <width>10.0</width>
            <x>35.0</x>
            <y>35.0</y>
        </boundingbox>
        <name>StartZoneD4</name>
        <neighbours>StartZoneD3</neighbours>
        <neighbours>StartZoneC4</neighbours>
        <neighbours>FrontDropZone</neighbours>
        <neighbours>StartZoneE4</neighbours>
        <type>CORRIDOR</type>
    </zones>
    <zones>
        <boundingbox>
            <height>10.0</height>
            <width>10.0</width>
            <x>45.0</x>
            <y>35.0</y>
        </boundingbox>
        <name>StartZoneE4</name>
        <neighbours>CorridorE3</neighbours>
        <neighbours>StartZoneD4</neighbours>
        <neighbours>CorridorE5</neighbours>
        <neighbours>CorridorF4</neighbours>
        <type>CORRIDOR</type>
    </zones>
    <zones>
        <boundingbox>
            <height>10.0</height>
            <width>10.0</width>
            <x>55.0</x>
            <y>35.0</y>
        </boundingbox>
        <name>CorridorF4</name>
        <neighbours>RoomC1</neighbours>
        <neighbours>StartZoneE4</neighbours>
        <neighbours>RoomC2</neighbours>
        <neighbours>RoomC3</neighbours>
        <type>CORRIDOR</type>
    </zones>
    <zones>
	    <blocks>BLUE</blocks>			
        <boundingbox>
            <height>10.0</height>
            <width>10.0</width>
            <x>65.0</x>
            <y>35.0</y>
        </boundingbox>
        <doors>
            <orientation>VERTICAL</orientation>
            <position>
                <x>60.0</x>
                <y>35.0</y>
            </position>
        </doors>
        <name>RoomC2</name>
        <neighbours>CorridorF4</neighbours>
        <type>ROOM</type>
    </zones>
    <zones>
	    <blocks>RED</blocks>	
        <boundingbox>
            <height>10.0</height>
            <width>10.0</width>
            <x>15.0</x>
            <y>45.0</y>
        </boundingbox>
        <doors>
            <orientation>HORIZONTAL</orientation>
            <position>
                <x>15.0</x>
                <y>40.0</y>
            </position>
        </doors>
        <name>RoomA1</name>
        <neighbours>CorridorB4</neighbours>
        <type>ROOM</type>
    </zones>
    <zones>
        <boundingbox>
            <height>10.0</height>
            <width>10.0</width>
            <x>25.0</x>
            <y>45.0</y>
        </boundingbox>
        <name>CorridorC5</name>
        <neighbours>StartZoneC4</neighbours>
        <neighbours>FrontDropZone</neighbours>
        <type>CORRIDOR</type>
    </zones>
    <zones>
        <boundingbox>
            <height>10.0</height>
            <width>10.0</width>
            <x>35.0</x>
            <y>45.0</y>
        </boundingbox>
        <name>FrontDropZone</name>
        <neighbours>StartZoneD4</neighbours>
        <neighbours>CorridorC5</neighbours>
        <neighbours>CorridorE5</neighbours>
        <neighbours>DropZone</neighbours>
        <type>CORRIDOR</type>
    </zones>
    <zones>
        <boundingbox>
            <height>10.0</height>
            <width>10.0</width>
            <x>45.0</x>
            <y>45.0</y>
        </boundingbox>
        <name>CorridorE5</name>
        <neighbours>StartZoneE4</neighbours>
        <neighbours>FrontDropZone</neighbours>
        <type>CORRIDOR</type>
    </zones>
    <zones>
	    <blocks>BLUE</blocks>			
        <boundingbox>
            <height>10.0</height>
            <width>10.0</width>
            <x>55.0</x>
            <y>45.0</y>
        </boundingbox>
        <doors>
            <orientation>HORIZONTAL</orientation>
            <position>
                <x>55.0</x>
                <y>40.0</y>
            </position>
        </doors>
        <name>RoomC3</name>
        <neighbours>CorridorF4</neighbours>
        <type>ROOM</type>
    </zones>
    <zones>
        <boundingbox>
            <height>10.0</height>
            <width>30.0</width>
            <x>35.0</x>
            <y>55.0</y>
        </boundingbox>
        <doors>
            <orientation>HORIZONTAL</orientation>
            <position>
                <x>35.0</x>
                <y>50.0</y>
            </position>
        </doors>
        <name>DropZone</name>
        <neighbours>FrontDropZone</neighbours>
        <type>ROOM</type>
    </zones>
</newMap>
